[dhaseanplus.com/index.html]
[backblue.gif]
[fade.gif]
[index.html]
[dhaseanplus.com/assets/css/colors.css]
[dhaseanplus.com/assets/css/button.css]
[dhaseanplus.com/assets/css/header.css]
[dhaseanplus.com/assets/css/titlebar.css]
[dhaseanplus.com/assets/css/footer.css]
[dhaseanplus.com/assets/css/index.css]
[dhaseanplus.com/assets/img/favicon.ico]
[dhaseanplus.com/assets/img/logo.png]
[dhaseanplus.com/about.html]
[dhaseanplus.com/welcome_address.html]
[dhaseanplus.com/secretariat.html]
[dhaseanplus.com/councils.html]
[dhaseanplus.com/councils/amem.html]
[dhaseanplus.com/councils/ammst.html]
[dhaseanplus.com/councils/arf.html]
[dhaseanplus.com/councils/hcc.html]
[dhaseanplus.com/councils/press.html]
[dhaseanplus.com/councils/unsc.html]
[dhaseanplus.com/councils/special_programmes.html]
[dhaseanplus.com/org_comm.html]
[dhaseanplus.com/org_committees/communications.html]
[dhaseanplus.com/org_committees/logistics.html]
[dhaseanplus.com/org_committees/project_planning.html]
[dhaseanplus.com/org_committees/publicity.html]
[dhaseanplus.com/schedule.html]
[dhaseanplus.com/delegate_resources.html]
[dhaseanplus.com/registration.html]
[dhaseanplus.com/contact.html]
[dhaseanplus.com/faq.html]
[dhaseanplus.com/assets/img/signature.png]
[dhaseanplus.com/assets/js/utils.js]
[dhaseanplus.com/assets/js/header.js]
[dhaseanplus.com/assets/js/index.js]
[dhaseanplus.com/index.html]
[dhaseanplus.com/assets/css/LemonMilklight.otf]
[dhaseanplus.com/assets/css/TwCenMT-Regular.woff]
[dhaseanplus.com/assets/img/background.png]
[dhaseanplus.com/assets/css/colors.css]
[dhaseanplus.com/assets/css/button.css]
[dhaseanplus.com/assets/img/title_background.png]
[dhaseanplus.com/assets/css/header.css]
[dhaseanplus.com/assets/css/titlebar.css]
[dhaseanplus.com/assets/img/ZmFjZWJvb2s.svg]
[dhaseanplus.com/assets/img/insta.png]
[dhaseanplus.com/assets/css/footer.css]
[dhaseanplus.com/assets/img/landing_welcome.png]
[dhaseanplus.com/assets/css/index.css]
[dhaseanplus.com/assets/css/content.css]
[dhaseanplus.com/assets/img/header.jpg]
[dhaseanplus.com/about.html]
[dhaseanplus.com/welcome_address.html]
[dhaseanplus.com/assets/css/group.css]
[dhaseanplus.com/assets/img/people/amanda_soh_xuan_min.jpg]
[dhaseanplus.com/assets/img/people/chua_fang_wei.jpg]
[dhaseanplus.com/assets/img/people/chua_eileen.jpg]
[dhaseanplus.com/assets/img/people/adam_seah_jun_hui.jpg]
[dhaseanplus.com/assets/img/people/nicholas_soh_kai_sern.jpg]
[dhaseanplus.com/assets/img/people/au_yi_ying_belinda.jpg]
[dhaseanplus.com/assets/img/people/boh_jie_qi.jpg]
[dhaseanplus.com/assets/img/people/kelley_seng_joy_win.jpg]
[dhaseanplus.com/secretariat.html]
[dhaseanplus.com/assets/css/councils.css]
[dhaseanplus.com/assets/img/groups/amem.jpg]
[dhaseanplus.com/assets/img/groups/ammst.jpg]
[dhaseanplus.com/assets/img/groups/arf.jpg]
[dhaseanplus.com/assets/img/groups/hcc.jpg]
[dhaseanplus.com/assets/img/groups/press.jpg]
[dhaseanplus.com/assets/img/groups/unsc.jpg]
[dhaseanplus.com/councils.html]
[dhaseanplus.com/assets/img/people/tristan_tok_yang_jun.jpg]
[dhaseanplus.com/assets/img/people/tan_jian_xi_owen.jpg]
[dhaseanplus.com/assets/img/people/valerie_quek_teng_lee.jpg]
[dhaseanplus.com/councils/amem.html]
[dhaseanplus.com/assets/img/people/poh_shu_li.jpg]
[dhaseanplus.com/assets/img/people/heng_li_jun.jpg]
[dhaseanplus.com/assets/img/people/lai_yuting.jpg]
[dhaseanplus.com/councils/ammst.html]
[dhaseanplus.com/assets/img/people/yi_shiqi.jpg]
[dhaseanplus.com/assets/img/people/ashley_lim_ruo_yun.jpg]
[dhaseanplus.com/assets/img/people/tan_kai_yi_nicholas.jpg]
[dhaseanplus.com/councils/arf.html]
[dhaseanplus.com/assets/img/people/tan_shi_qi.jpg]
[dhaseanplus.com/assets/img/people/chong_tze_zhao.jpg]
[dhaseanplus.com/assets/img/people/marc_tay_zhi_wei.jpg]
[dhaseanplus.com/assets/img/people/soh_jing_zhi_ryan.jpg]
[dhaseanplus.com/councils/hcc.html]
[dhaseanplus.com/assets/img/people/chew_jia_hui_elieen.jpg]
[dhaseanplus.com/assets/img/people/tan_shi_qing_cherylynn.jpg]
[dhaseanplus.com/councils/press.html]
[dhaseanplus.com/assets/img/people/joel_yang_ji_en.jpg]
[dhaseanplus.com/assets/img/people/ning_poh.jpg]
[dhaseanplus.com/assets/img/people/sarah_ong_chu_xian.jpg]
[dhaseanplus.com/councils/unsc.html]
[dhaseanplus.com/assets/img/groups/special_programmes.jpg]
[dhaseanplus.com/assets/img/people/maisy_kim_tyan_wei.jpg]
[dhaseanplus.com/assets/img/people/goh_ting_en_jonathan.jpg]
[dhaseanplus.com/assets/img/people/lee_dongxuan.jpg]
[dhaseanplus.com/assets/img/people/liu_leyao.jpg]
[dhaseanplus.com/assets/img/people/lucas_leong_zhi_heng.jpg]
[dhaseanplus.com/councils/special_programmes.html]
[dhaseanplus.com/assets/css/org_comms.css]
[dhaseanplus.com/assets/img/groups/communications.jpg]
[dhaseanplus.com/assets/img/groups/logistics.jpg]
[dhaseanplus.com/assets/img/groups/project_planning.jpg]
[dhaseanplus.com/assets/img/groups/publicity.jpg]
[dhaseanplus.com/org_comm.html]
[dhaseanplus.com/assets/img/people/tia_bhaskar.jpg]
[dhaseanplus.com/assets/img/people/leng_hao_en_sean.jpg]
[dhaseanplus.com/assets/img/people/li_jun_xian.jpg]
[dhaseanplus.com/assets/img/people/mathew_rithu_ann.jpg]
[dhaseanplus.com/org_committees/communications.html]
[dhaseanplus.com/assets/img/people/merrell_teng_yao_yu.jpg]
[dhaseanplus.com/assets/img/people/jin_guo.jpg]
[dhaseanplus.com/assets/img/people/teng_xin_yi.jpg]
[dhaseanplus.com/assets/img/people/tu_li_ting.jpg]
[dhaseanplus.com/org_committees/logistics.html]
[dhaseanplus.com/assets/img/people/ng_xin_yi_vanessa.jpg]
[dhaseanplus.com/assets/img/people/chelsea_queck_shu_hui.jpg]
[dhaseanplus.com/assets/img/people/jolene_tan_phei_rou.jpg]
[dhaseanplus.com/assets/img/people/wang_yikun.jpg]
[dhaseanplus.com/org_committees/project_planning.html]
[dhaseanplus.com/assets/img/people/bernadette_toh_en_tong.jpg]
[dhaseanplus.com/assets/img/people/lee_jie_jun_shireen.jpg]
[dhaseanplus.com/assets/img/people/soo_jun_hang.jpg]
[dhaseanplus.com/assets/img/people/teo_yu_en_alessandra.jpg]
[dhaseanplus.com/org_committees/publicity.html]
[dhaseanplus.com/assets/css/schedule.css]
[dhaseanplus.com/assets/js/schedule.js]
[dhaseanplus.com/schedule.html]
[dhaseanplus.com/assets/css/delegate_resources.css]
[dhaseanplus.com/assets/study-guides/PreSummitBriefing.pdf]
[dhaseanplus.com/assets/study-guides/ProgrammeBooklet.pdf]
[dhaseanplus.com/assets/study-guides/PositionPaperGuidelines.pdf]
[dhaseanplus.com/assets/study-guides/AMEMStudyGuideFull.pdf]
[dhaseanplus.com/assets/study-guides/HCCStudyGuideFull.pdf]
[dhaseanplus.com/assets/study-guides/PressStudyGuideFull.pdf]
[dhaseanplus.com/assets/study-guides/UNSCStudyGuideFull.pdf]
[dhaseanplus.com/assets/js/delegate_resources.js]
[dhaseanplus.com/delegate_resources.html]
[dhaseanplus.com/registration.html]
[dhaseanplus.com/contact.html]
[dhaseanplus.com/faq.html]
[dhaseanplus.com/assets/img/ZmFjZWJvb2s.svg]
[dhaseanplus.com/assets/css/content.css]
[dhaseanplus.com/assets/css/group.css]
[dhaseanplus.com/assets/css/councils.css]
[dhaseanplus.com/assets/css/org_comms.css]
[dhaseanplus.com/assets/css/schedule.css]
[dhaseanplus.com/assets/css/delegate_resources.css]
[dhaseanplus.com/assets/study-guides/AMMSTStudyGuideFull.pdf]
[dhaseanplus.com/assets/study-guides/ARFStudyGuideFull.pdf]
